
> blog@0.1.0 prebuild
> tsx scripts/generate-rss.ts

RSS feed for all generated successfully at: c:\Users\yuren\Documents\30-resources\src\blog\public\rss.xml
RSS feed for shorts generated successfully at: c:\Users\yuren\Documents\30-resources\src\blog\public\rss\shorts.xml
RSS feed for life generated successfully at: c:\Users\yuren\Documents\30-resources\src\blog\public\rss\life.xml
RSS feed for tech generated successfully at: c:\Users\yuren\Documents\30-resources\src\blog\public\rss\tech.xml

> blog@0.1.0 build
> next build

   ▲ Next.js 15.1.6

   Creating an optimized production build ...


Source path: c:\Users\yuren\Documents\30-resources\src\blog\app\globals.css
Setting up new context...
Finding changed files: 5.866ms
Reading changed files: 9.121ms
Sorting candidates: 0.368ms
Generate rules: 24.054ms
Build stylesheet: 0.983ms
Potential classes:  752
Active contexts:  1
JIT TOTAL: 149.701ms


 ✓ Compiled successfully
   Linting and checking validity of types ...
   Collecting page data ...
   Generating static pages (0/5934) ...
Error generating cover image: Error: EMFILE: too many open files, open 'c:\Users\yuren\Documents\30-resources\src\blog\public\posts\2007-03-07_對話剪影 7 - 拐子\index.md'
    at async (c:\Users\yuren\Documents\30-resources\src\blog\.next\server\app\posts\[slug]\cover.png\route.js:1:6071)
    at async d (c:\Users\yuren\Documents\30-resources\src\blog\.next\server\app\posts\[slug]\cover.png\route.js:1:5866)
    at async w (c:\Users\yuren\Documents\30-resources\src\blog\.next\server\app\posts\[slug]\cover.png\route.js:1:5740)
    at async d (c:\Users\yuren\Documents\30-resources\src\blog\.next\server\app\posts\[slug]\cover.png\route.js:1:1983) {
  errno: -4066,
  code: 'EMFILE',
  syscall: 'open',
  path: 'c:\\Users\\yuren\\Documents\\30-resources\\src\\blog\\public\\posts\\2007-03-07_對話剪影 7 - 拐子\\index.md'
}
Error generating cover image: Error: EMFILE: too many open files, open 'c:\Users\yuren\Documents\30-resources\src\blog\public\posts\2000-02-04_2007 春季留言板\index.md'
    at async (c:\Users\yuren\Documents\30-resources\src\blog\.next\server\app\posts\[slug]\cover.png\route.js:1:6071)
    at async d (c:\Users\yuren\Documents\30-resources\src\blog\.next\server\app\posts\[slug]\cover.png\route.js:1:5866)
    at async w (c:\Users\yuren\Documents\30-resources\src\blog\.next\server\app\posts\[slug]\cover.png\route.js:1:5740)
    at async d (c:\Users\yuren\Documents\30-resources\src\blog\.next\server\app\posts\[slug]\cover.png\route.js:1:1983) {
  errno: -4066,
  code: 'EMFILE',
  syscall: 'open',
  path: 'c:\\Users\\yuren\\Documents\\30-resources\\src\\blog\\public\\posts\\2000-02-04_2007 春季留言板\\index.md'
}
Error generating cover image: Error: EMFILE: too many open files, open 'c:\Users\yuren\Documents\30-resources\src\blog\public\posts\2008-04-29_gtkorphan／deborphan 幫你刪除不必要的函式庫\index.md'
    at async (c:\Users\yuren\Documents\30-resources\src\blog\.next\server\app\posts\[slug]\cover.png\route.js:1:6071)
    at async d (c:\Users\yuren\Documents\30-resources\src\blog\.next\server\app\posts\[slug]\cover.png\route.js:1:5866)
    at async w (c:\Users\yuren\Documents\30-resources\src\blog\.next\server\app\posts\[slug]\cover.png\route.js:1:5740)
    at async d (c:\Users\yuren\Documents\30-resources\src\blog\.next\server\app\posts\[slug]\cover.png\route.js:1:1983) {
  errno: -4066,
  code: 'EMFILE',
  syscall: 'open',
  path: 'c:\\Users\\yuren\\Documents\\30-resources\\src\\blog\\public\\posts\\2008-04-29_gtkorphan／deborphan 幫你刪除不必要的函式庫\\index.md'
}
Error generating cover image: Error: EMFILE: too many open files, open 'c:\Users\yuren\Documents\30-resources\src\blog\public\posts\2000-02-04_2007 春季留言板\index.md'
    at async (c:\Users\yuren\Documents\30-resources\src\blog\.next\server\app\posts\[slug]\cover.png\route.js:1:6071)
    at async d (c:\Users\yuren\Documents\30-resources\src\blog\.next\server\app\posts\[slug]\cover.png\route.js:1:5866)
    at async w (c:\Users\yuren\Documents\30-resources\src\blog\.next\server\app\posts\[slug]\cover.png\route.js:1:5740)
    at async d (c:\Users\yuren\Documents\30-resources\src\blog\.next\server\app\posts\[slug]\cover.png\route.js:1:1983) {
  errno: -4066,
  code: 'EMFILE',
  syscall: 'open',
  path: 'c:\\Users\\yuren\\Documents\\30-resources\\src\\blog\\public\\posts\\2000-02-04_2007 春季留言板\\index.md'
}
Error generating cover image: Error: EMFILE: too many open files, open 'c:\Users\yuren\Documents\30-resources\src\blog\public\posts\2007-03-07_文舖如何留言？\index.md'
    at async (c:\Users\yuren\Documents\30-resources\src\blog\.next\server\app\posts\[slug]\cover.png\route.js:1:6071)
    at async d (c:\Users\yuren\Documents\30-resources\src\blog\.next\server\app\posts\[slug]\cover.png\route.js:1:5866)
    at async w (c:\Users\yuren\Documents\30-resources\src\blog\.next\server\app\posts\[slug]\cover.png\route.js:1:5740)
    at async d (c:\Users\yuren\Documents\30-resources\src\blog\.next\server\app\posts\[slug]\cover.png\route.js:1:1983) {
  errno: -4066,
  code: 'EMFILE',
  syscall: 'open',
  path: 'c:\\Users\\yuren\\Documents\\30-resources\\src\\blog\\public\\posts\\2007-03-07_文舖如何留言？\\index.md'
}
Error generating cover image: Error: EMFILE: too many open files, open 'c:\Users\yuren\Documents\30-resources\src\blog\public\posts\2000-02-04_2007 春季留言板\index.md'
    at async (c:\Users\yuren\Documents\30-resources\src\blog\.next\server\app\posts\[slug]\cover.png\route.js:1:6071)
    at async d (c:\Users\yuren\Documents\30-resources\src\blog\.next\server\app\posts\[slug]\cover.png\route.js:1:5866)
    at async w (c:\Users\yuren\Documents\30-resources\src\blog\.next\server\app\posts\[slug]\cover.png\route.js:1:5740)
    at async d (c:\Users\yuren\Documents\30-resources\src\blog\.next\server\app\posts\[slug]\cover.png\route.js:1:1983) {
  errno: -4066,
  code: 'EMFILE',
  syscall: 'open',
  path: 'c:\\Users\\yuren\\Documents\\30-resources\\src\\blog\\public\\posts\\2000-02-04_2007 春季留言板\\index.md'
}
Error generating cover image: Error: EMFILE: too many open files, open 'c:\Users\yuren\Documents\30-resources\src\blog\public\posts\2006-12-20_Cold Water, Damien Rice\index.md'
    at async (c:\Users\yuren\Documents\30-resources\src\blog\.next\server\app\posts\[slug]\cover.png\route.js:1:6071)
    at async d (c:\Users\yuren\Documents\30-resources\src\blog\.next\server\app\posts\[slug]\cover.png\route.js:1:5866)
    at async w (c:\Users\yuren\Documents\30-resources\src\blog\.next\server\app\posts\[slug]\cover.png\route.js:1:5740)
    at async d (c:\Users\yuren\Documents\30-resources\src\blog\.next\server\app\posts\[slug]\cover.png\route.js:1:1983) {
  errno: -4066,
  code: 'EMFILE',
  syscall: 'open',
  path: 'c:\\Users\\yuren\\Documents\\30-resources\\src\\blog\\public\\posts\\2006-12-20_Cold Water, Damien Rice\\index.md'
}
Error generating cover image: Error: EMFILE: too many open files, open 'c:\Users\yuren\Documents\30-resources\src\blog\public\posts\2000-02-04_2007 春季留言板\index.md'
    at async (c:\Users\yuren\Documents\30-resources\src\blog\.next\server\app\posts\[slug]\cover.png\route.js:1:6071)
    at async d (c:\Users\yuren\Documents\30-resources\src\blog\.next\server\app\posts\[slug]\cover.png\route.js:1:5866)
    at async w (c:\Users\yuren\Documents\30-resources\src\blog\.next\server\app\posts\[slug]\cover.png\route.js:1:5740)
    at async d (c:\Users\yuren\Documents\30-resources\src\blog\.next\server\app\posts\[slug]\cover.png\route.js:1:1983) {
  errno: -4066,
  code: 'EMFILE',
  syscall: 'open',
  path: 'c:\\Users\\yuren\\Documents\\30-resources\\src\\blog\\public\\posts\\2000-02-04_2007 春季留言板\\index.md'
}
Error generating cover image: Error: EMFILE: too many open files, open 'c:\Users\yuren\Documents\30-resources\src\blog\public\posts\2007-03-07_文舖如何留言？\index.md'
    at async (c:\Users\yuren\Documents\30-resources\src\blog\.next\server\app\posts\[slug]\cover.jpg\route.js:1:5995)
    at async d (c:\Users\yuren\Documents\30-resources\src\blog\.next\server\app\posts\[slug]\cover.jpg\route.js:1:5790)
    at async w (c:\Users\yuren\Documents\30-resources\src\blog\.next\server\app\posts\[slug]\cover.jpg\route.js:1:5664)
    at async d (c:\Users\yuren\Documents\30-resources\src\blog\.next\server\app\posts\[slug]\cover.jpg\route.js:1:1979) {
  errno: -4066,
  code: 'EMFILE',
  syscall: 'open',
  path: 'c:\\Users\\yuren\\Documents\\30-resources\\src\\blog\\public\\posts\\2007-03-07_文舖如何留言？\\index.md'
}
Error generating cover image: Error: EMFILE: too many open files, open 'c:\Users\yuren\Documents\30-resources\src\blog\public\posts\2000-02-04_2007 春季留言板\index.md'
    at async (c:\Users\yuren\Documents\30-resources\src\blog\.next\server\app\posts\[slug]\cover.jpg\route.js:1:5995)
    at async d (c:\Users\yuren\Documents\30-resources\src\blog\.next\server\app\posts\[slug]\cover.jpg\route.js:1:5790)
    at async w (c:\Users\yuren\Documents\30-resources\src\blog\.next\server\app\posts\[slug]\cover.jpg\route.js:1:5664)
    at async d (c:\Users\yuren\Documents\30-resources\src\blog\.next\server\app\posts\[slug]\cover.jpg\route.js:1:1979) {
  errno: -4066,
  code: 'EMFILE',
  syscall: 'open',
  path: 'c:\\Users\\yuren\\Documents\\30-resources\\src\\blog\\public\\posts\\2000-02-04_2007 春季留言板\\index.md'
}
Error generating cover image: Error: EMFILE: too many open files, open 'c:\Users\yuren\Documents\30-resources\src\blog\public\posts\2016-11-23_getcalfresh-食物卷改善計畫\index.md'
    at async (c:\Users\yuren\Documents\30-resources\src\blog\.next\server\app\posts\[slug]\cover.jpg\route.js:1:5995)
    at async d (c:\Users\yuren\Documents\30-resources\src\blog\.next\server\app\posts\[slug]\cover.jpg\route.js:1:5790)
    at async w (c:\Users\yuren\Documents\30-resources\src\blog\.next\server\app\posts\[slug]\cover.jpg\route.js:1:5664)
    at async d (c:\Users\yuren\Documents\30-resources\src\blog\.next\server\app\posts\[slug]\cover.jpg\route.js:1:1979) {
  errno: -4066,
  code: 'EMFILE',
  syscall: 'open',
  path: 'c:\\Users\\yuren\\Documents\\30-resources\\src\\blog\\public\\posts\\2016-11-23_getcalfresh-食物卷改善計畫\\index.md'
}
Error generating cover image: Error: EMFILE: too many open files, open 'c:\Users\yuren\Documents\30-resources\src\blog\public\posts\2004-09-10_推薦閱讀\index.md'
    at async (c:\Users\yuren\Documents\30-resources\src\blog\.next\server\app\posts\[slug]\cover.jpg\route.js:1:5995)
    at async d (c:\Users\yuren\Documents\30-resources\src\blog\.next\server\app\posts\[slug]\cover.jpg\route.js:1:5790)
    at async w (c:\Users\yuren\Documents\30-resources\src\blog\.next\server\app\posts\[slug]\cover.jpg\route.js:1:5664)
    at async d (c:\Users\yuren\Documents\30-resources\src\blog\.next\server\app\posts\[slug]\cover.jpg\route.js:1:1979) {
  errno: -4066,
  code: 'EMFILE',
  syscall: 'open',
  path: 'c:\\Users\\yuren\\Documents\\30-resources\\src\\blog\\public\\posts\\2004-09-10_推薦閱讀\\index.md'
}
Error generating cover image: Error: EMFILE: too many open files, open 'c:\Users\yuren\Documents\30-resources\src\blog\public\posts\2000-02-04_2007 春季留言板\index.md'
    at async (c:\Users\yuren\Documents\30-resources\src\blog\.next\server\app\posts\[slug]\cover.jpg\route.js:1:5995)
    at async d (c:\Users\yuren\Documents\30-resources\src\blog\.next\server\app\posts\[slug]\cover.jpg\route.js:1:5790)
    at async w (c:\Users\yuren\Documents\30-resources\src\blog\.next\server\app\posts\[slug]\cover.jpg\route.js:1:5664)
    at async d (c:\Users\yuren\Documents\30-resources\src\blog\.next\server\app\posts\[slug]\cover.jpg\route.js:1:1979) {
  errno: -4066,
  code: 'EMFILE',
  syscall: 'open',
  path: 'c:\\Users\\yuren\\Documents\\30-resources\\src\\blog\\public\\posts\\2000-02-04_2007 春季留言板\\index.md'
}
Error generating cover image: Error: EMFILE: too many open files, open 'c:\Users\yuren\Documents\30-resources\src\blog\public\posts\2007-03-08_Picasa Web Albums 新功能\index.md'
    at async (c:\Users\yuren\Documents\30-resources\src\blog\.next\server\app\posts\[slug]\cover.jpg\route.js:1:5995)
    at async d (c:\Users\yuren\Documents\30-resources\src\blog\.next\server\app\posts\[slug]\cover.jpg\route.js:1:5790)
    at async w (c:\Users\yuren\Documents\30-resources\src\blog\.next\server\app\posts\[slug]\cover.jpg\route.js:1:5664)
    at async d (c:\Users\yuren\Documents\30-resources\src\blog\.next\server\app\posts\[slug]\cover.jpg\route.js:1:1979) {
  errno: -4066,
  code: 'EMFILE',
  syscall: 'open',
  path: 'c:\\Users\\yuren\\Documents\\30-resources\\src\\blog\\public\\posts\\2007-03-08_Picasa Web Albums 新功能\\index.md'
}
Error generating cover image: Error: EMFILE: too many open files, open 'c:\Users\yuren\Documents\30-resources\src\blog\public\posts\2003-08-29_Gentoo Linux 2003,6,27 安裝小技巧\index.md'
    at async (c:\Users\yuren\Documents\30-resources\src\blog\.next\server\app\posts\[slug]\cover.jpg\route.js:1:5995)
    at async d (c:\Users\yuren\Documents\30-resources\src\blog\.next\server\app\posts\[slug]\cover.jpg\route.js:1:5790)
    at async w (c:\Users\yuren\Documents\30-resources\src\blog\.next\server\app\posts\[slug]\cover.jpg\route.js:1:5664)
    at async d (c:\Users\yuren\Documents\30-resources\src\blog\.next\server\app\posts\[slug]\cover.jpg\route.js:1:1979) {
  errno: -4066,
  code: 'EMFILE',
  syscall: 'open',
  path: 'c:\\Users\\yuren\\Documents\\30-resources\\src\\blog\\public\\posts\\2003-08-29_Gentoo Linux 2003,6,27 安裝小技巧\\index.md'
}
Error generating cover image: Error: EMFILE: too many open files, open 'c:\Users\yuren\Documents\30-resources\src\blog\public\posts\2000-02-04_2007 春季留言板\index.md'
    at async (c:\Users\yuren\Documents\30-resources\src\blog\.next\server\app\posts\[slug]\cover.jpg\route.js:1:5995)
    at async d (c:\Users\yuren\Documents\30-resources\src\blog\.next\server\app\posts\[slug]\cover.jpg\route.js:1:5790)
    at async w (c:\Users\yuren\Documents\30-resources\src\blog\.next\server\app\posts\[slug]\cover.jpg\route.js:1:5664)
    at async d (c:\Users\yuren\Documents\30-resources\src\blog\.next\server\app\posts\[slug]\cover.jpg\route.js:1:1979) {
  errno: -4066,
  code: 'EMFILE',
  syscall: 'open',
  path: 'c:\\Users\\yuren\\Documents\\30-resources\\src\\blog\\public\\posts\\2000-02-04_2007 春季留言板\\index.md'
}
Error generating cover image: Error: EMFILE: too many open files, open 'c:\Users\yuren\Documents\30-resources\src\blog\public\posts\2007-03-08_Picasa Web Albums 新功能\index.md'
    at async (c:\Users\yuren\Documents\30-resources\src\blog\.next\server\app\posts\[slug]\cover.png\route.js:1:6071)
    at async d (c:\Users\yuren\Documents\30-resources\src\blog\.next\server\app\posts\[slug]\cover.png\route.js:1:5866)
    at async w (c:\Users\yuren\Documents\30-resources\src\blog\.next\server\app\posts\[slug]\cover.png\route.js:1:5740)
    at async d (c:\Users\yuren\Documents\30-resources\src\blog\.next\server\app\posts\[slug]\cover.png\route.js:1:1983) {
  errno: -4066,
  code: 'EMFILE',
  syscall: 'open',
  path: 'c:\\Users\\yuren\\Documents\\30-resources\\src\\blog\\public\\posts\\2007-03-08_Picasa Web Albums 新功能\\index.md'
}
Error generating cover image: Error: EMFILE: too many open files, open 'c:\Users\yuren\Documents\30-resources\src\blog\public\posts\2000-02-04_2007 春季留言板\index.md'
    at async (c:\Users\yuren\Documents\30-resources\src\blog\.next\server\app\posts\[slug]\cover.png\route.js:1:6071)
    at async d (c:\Users\yuren\Documents\30-resources\src\blog\.next\server\app\posts\[slug]\cover.png\route.js:1:5866)
    at async w (c:\Users\yuren\Documents\30-resources\src\blog\.next\server\app\posts\[slug]\cover.png\route.js:1:5740)
    at async d (c:\Users\yuren\Documents\30-resources\src\blog\.next\server\app\posts\[slug]\cover.png\route.js:1:1983) {
  errno: -4066,
  code: 'EMFILE',
  syscall: 'open',
  path: 'c:\\Users\\yuren\\Documents\\30-resources\\src\\blog\\public\\posts\\2000-02-04_2007 春季留言板\\index.md'
}
Error generating cover image: Error: EMFILE: too many open files, open 'c:\Users\yuren\Documents\30-resources\src\blog\public\posts\2007-03-08_Picasa Web Albums 新功能\index.md'
    at async (c:\Users\yuren\Documents\30-resources\src\blog\.next\server\app\posts\[slug]\cover.jpg\route.js:1:5995)
    at async d (c:\Users\yuren\Documents\30-resources\src\blog\.next\server\app\posts\[slug]\cover.jpg\route.js:1:5790)
    at async w (c:\Users\yuren\Documents\30-resources\src\blog\.next\server\app\posts\[slug]\cover.jpg\route.js:1:5664)
    at async d (c:\Users\yuren\Documents\30-resources\src\blog\.next\server\app\posts\[slug]\cover.jpg\route.js:1:1979) {
  errno: -4066,
  code: 'EMFILE',
  syscall: 'open',
  path: 'c:\\Users\\yuren\\Documents\\30-resources\\src\\blog\\public\\posts\\2007-03-08_Picasa Web Albums 新功能\\index.md'
}
Error generating cover image: Error: EMFILE: too many open files, open 'c:\Users\yuren\Documents\30-resources\src\blog\public\posts\2005-02-01_冤鼓\index.md'
    at async (c:\Users\yuren\Documents\30-resources\src\blog\.next\server\app\posts\[slug]\cover.jpg\route.js:1:5995)
    at async d (c:\Users\yuren\Documents\30-resources\src\blog\.next\server\app\posts\[slug]\cover.jpg\route.js:1:5790)
    at async w (c:\Users\yuren\Documents\30-resources\src\blog\.next\server\app\posts\[slug]\cover.jpg\route.js:1:5664)
    at async d (c:\Users\yuren\Documents\30-resources\src\blog\.next\server\app\posts\[slug]\cover.jpg\route.js:1:1979) {
  errno: -4066,
  code: 'EMFILE',
  syscall: 'open',
  path: 'c:\\Users\\yuren\\Documents\\30-resources\\src\\blog\\public\\posts\\2005-02-01_冤鼓\\index.md'
}
Error generating cover image: Error: EMFILE: too many open files, open 'c:\Users\yuren\Documents\30-resources\src\blog\public\posts\2003-08-29_Gentoo Linux 2003,6,27 安裝小技巧\index.md'
    at async (c:\Users\yuren\Documents\30-resources\src\blog\.next\server\app\posts\[slug]\cover.jpg\route.js:1:5995)
    at async d (c:\Users\yuren\Documents\30-resources\src\blog\.next\server\app\posts\[slug]\cover.jpg\route.js:1:5790)
    at async w (c:\Users\yuren\Documents\30-resources\src\blog\.next\server\app\posts\[slug]\cover.jpg\route.js:1:5664)
    at async d (c:\Users\yuren\Documents\30-resources\src\blog\.next\server\app\posts\[slug]\cover.jpg\route.js:1:1979) {
  errno: -4066,
  code: 'EMFILE',
  syscall: 'open',
  path: 'c:\\Users\\yuren\\Documents\\30-resources\\src\\blog\\public\\posts\\2003-08-29_Gentoo Linux 2003,6,27 安裝小技巧\\index.md'
}
Error generating cover image: Error: EMFILE: too many open files, open 'c:\Users\yuren\Documents\30-resources\src\blog\public\posts\2000-02-04_2007 春季留言板\index.md'
    at async (c:\Users\yuren\Documents\30-resources\src\blog\.next\server\app\posts\[slug]\cover.png\route.js:1:6071)
    at async d (c:\Users\yuren\Documents\30-resources\src\blog\.next\server\app\posts\[slug]\cover.png\route.js:1:5866)
    at async w (c:\Users\yuren\Documents\30-resources\src\blog\.next\server\app\posts\[slug]\cover.png\route.js:1:5740)
    at async d (c:\Users\yuren\Documents\30-resources\src\blog\.next\server\app\posts\[slug]\cover.png\route.js:1:1983) {
  errno: -4066,
  code: 'EMFILE',
  syscall: 'open',
  path: 'c:\\Users\\yuren\\Documents\\30-resources\\src\\blog\\public\\posts\\2000-02-04_2007 春季留言板\\index.md'
}
Error generating cover image: Error: EMFILE: too many open files, open 'c:\Users\yuren\Documents\30-resources\src\blog\public\posts\2006-02-07_[SQL] PostgreSQL 算兩個日期之間的天數\index.md'
    at async (c:\Users\yuren\Documents\30-resources\src\blog\.next\server\app\posts\[slug]\cover.jpg\route.js:1:5995)
    at async d (c:\Users\yuren\Documents\30-resources\src\blog\.next\server\app\posts\[slug]\cover.jpg\route.js:1:5790)
    at async w (c:\Users\yuren\Documents\30-resources\src\blog\.next\server\app\posts\[slug]\cover.jpg\route.js:1:5664)
    at async d (c:\Users\yuren\Documents\30-resources\src\blog\.next\server\app\posts\[slug]\cover.jpg\route.js:1:1979) {
  errno: -4066,
  code: 'EMFILE',
  syscall: 'open',
  path: 'c:\\Users\\yuren\\Documents\\30-resources\\src\\blog\\public\\posts\\2006-02-07_[SQL] PostgreSQL 算兩個日期之間的天數\\index.md'
}
Error generating cover image: Error: EMFILE: too many open files, open 'c:\Users\yuren\Documents\30-resources\src\blog\public\posts\2000-02-04_2007 春季留言板\index.md'
    at async (c:\Users\yuren\Documents\30-resources\src\blog\.next\server\app\posts\[slug]\cover.jpg\route.js:1:5995)
    at async d (c:\Users\yuren\Documents\30-resources\src\blog\.next\server\app\posts\[slug]\cover.jpg\route.js:1:5790)
    at async w (c:\Users\yuren\Documents\30-resources\src\blog\.next\server\app\posts\[slug]\cover.jpg\route.js:1:5664)
    at async d (c:\Users\yuren\Documents\30-resources\src\blog\.next\server\app\posts\[slug]\cover.jpg\route.js:1:1979) {
  errno: -4066,
  code: 'EMFILE',
  syscall: 'open',
  path: 'c:\\Users\\yuren\\Documents\\30-resources\\src\\blog\\public\\posts\\2000-02-04_2007 春季留言板\\index.md'
}
Error generating cover image: Error: EMFILE: too many open files, open 'c:\Users\yuren\Documents\30-resources\src\blog\public\posts\2007-03-07_對話剪影 7 - 拐子\index.md'
    at async (c:\Users\yuren\Documents\30-resources\src\blog\.next\server\app\posts\[slug]\cover.png\route.js:1:6071)
    at async d (c:\Users\yuren\Documents\30-resources\src\blog\.next\server\app\posts\[slug]\cover.png\route.js:1:5866)
    at async w (c:\Users\yuren\Documents\30-resources\src\blog\.next\server\app\posts\[slug]\cover.png\route.js:1:5740)
    at async d (c:\Users\yuren\Documents\30-resources\src\blog\.next\server\app\posts\[slug]\cover.png\route.js:1:1983) {
  errno: -4066,
  code: 'EMFILE',
  syscall: 'open',
  path: 'c:\\Users\\yuren\\Documents\\30-resources\\src\\blog\\public\\posts\\2007-03-07_對話剪影 7 - 拐子\\index.md'
}
Error generating cover image: Error: EMFILE: too many open files, open 'c:\Users\yuren\Documents\30-resources\src\blog\public\posts\2000-02-04_2007 春季留言板\index.md'
    at async (c:\Users\yuren\Documents\30-resources\src\blog\.next\server\app\posts\[slug]\cover.png\route.js:1:6071)
    at async d (c:\Users\yuren\Documents\30-resources\src\blog\.next\server\app\posts\[slug]\cover.png\route.js:1:5866)
    at async w (c:\Users\yuren\Documents\30-resources\src\blog\.next\server\app\posts\[slug]\cover.png\route.js:1:5740)
    at async d (c:\Users\yuren\Documents\30-resources\src\blog\.next\server\app\posts\[slug]\cover.png\route.js:1:1983) {
  errno: -4066,
  code: 'EMFILE',
  syscall: 'open',
  path: 'c:\\Users\\yuren\\Documents\\30-resources\\src\\blog\\public\\posts\\2000-02-04_2007 春季留言板\\index.md'
}
Error generating cover image: Error: EMFILE: too many open files, open 'c:\Users\yuren\Documents\30-resources\src\blog\public\posts\2000-02-04_2007 春季留言板\index.md'
    at async (c:\Users\yuren\Documents\30-resources\src\blog\.next\server\app\posts\[slug]\cover.png\route.js:1:6071)
    at async d (c:\Users\yuren\Documents\30-resources\src\blog\.next\server\app\posts\[slug]\cover.png\route.js:1:5866)
    at async w (c:\Users\yuren\Documents\30-resources\src\blog\.next\server\app\posts\[slug]\cover.png\route.js:1:5740)
    at async d (c:\Users\yuren\Documents\30-resources\src\blog\.next\server\app\posts\[slug]\cover.png\route.js:1:1983) {
  errno: -4066,
  code: 'EMFILE',
  syscall: 'open',
  path: 'c:\\Users\\yuren\\Documents\\30-resources\\src\\blog\\public\\posts\\2000-02-04_2007 春季留言板\\index.md'
}
Error occurred prerendering page "/posts/2007-02-23_對話剪影4-沒有翅膀的我需要一點會上癮的東西". Read more: https://nextjs.org/docs/messages/prerender-error
Error: EMFILE: too many open files, open 'c:\Users\yuren\Documents\30-resources\src\blog\public\posts\2017-12-19_raiden-network-ethereum-區塊鏈支付通道\index.md'
    at async open (node:internal/fs/promises:633:25)
    at async Object.readFile (node:internal/fs/promises:1237:14)
    at async c:\Users\yuren\Documents\30-resources\src\blog\.next\server\chunks\193.js:1:10608
    at async Promise.all (index 1360)
    at async h (c:\Users\yuren\Documents\30-resources\src\blog\.next\server\chunks\193.js:1:10403)
    at async v (c:\Users\yuren\Documents\30-resources\src\blog\.next\server\chunks\193.js:1:10277)
    at async h (c:\Users\yuren\Documents\30-resources\src\blog\.next\server\chunks\193.js:1:5469)
Export encountered an error on /posts/[slug]/page: /posts/2007-02-23_對話剪影4-沒有翅膀的我需要一點會上癮的東西, exiting the build.
 ⨯ Static worker exited with code: 1 and signal: null
